Discovered 102 petitions; collecting...
{"identifier": "stop-the-construction-of-data-centers-in-non-industrial-areas", "comments": 424, "completeness": 1.0, "event": "petition_collected", "level": "info", "timestamp": "2026-07-26T22:42:22.720275Z"}
{"identifier": "stop-the-data-center-expansion-in-east-tennessee", "comments": 662, "completeness": 1.0, "event": "petition_collected", "level": "info", "timestamp": "2026-07-26T22:43:05.135780Z"}
{"identifier": "stop-the-proposed-nottingham-nh-data-center", "comments": 372, "completeness": 1.0, "event": "petition_collected", "level": "info", "timestamp": "2026-07-26T22:43:30.013832Z"}
{"identifier": "oppose-the-hyperscale-data-center-in-box-elder-county", "comments": 509, "completeness": 1.0, "event": "petition_collected", "level": "info", "timestamp": "2026-07-26T22:44:03.830052Z"}
{"identifier": "no-ai-data-centers-in-king-of-prussia-pa", "comments": 247, "completeness": 1.0, "event": "petition_collected", "level": "info", "timestamp": "2026-07-26T22:44:22.552142Z"}
{"identifier": "stop-the-data-center-assault-on-vizag", "comments": 8, "completeness": 1.0, "event": "petition_collected", "level": "info", "timestamp": "2026-07-26T22:44:25.339523Z"}
{"identifier": "stop-project-baccara-project-eagle-on-southern-border-of-surprise-az-in-maricopa-county", "comments": 135, "completeness": 1.0, "event": "petition_collected", "level": "info", "timestamp": "2026-07-26T22:44:35.662221Z"}
{"identifier": "petition-for-a-ban-on-data-centers-in-coachella", "comments": 117, "completeness": 1.0, "event": "petition_collected", "level": "info", "timestamp": "2026-07-26T22:44:45.027898Z"}
{"identifier": "no-ai-data-center-in-tonawanda", "comments": 124, "completeness": 1.0, "event": "petition_collected", "level": "info", "timestamp": "2026-07-26T22:44:55.174503Z"}
{"identifier": "stop-the-proposed-coachella-data-center-project", "comments": 137, "completeness": 1.0, "event": "petition_collected", "level": "info", "timestamp": "2026-07-26T22:45:05.366949Z"}
{"identifier": "stop-the-hazardous-data-center-in-st-charles-protect-our-water-health-and-community", "comments": 103, "completeness": 1.0, "event": "petition_collected", "level": "info", "timestamp": "2026-07-26T22:45:13.980904Z"}
{"identifier": "protect-dinosaur-valley-put-guardrails-on-massive-data-centers-in-texas", "comments": 205, "completeness": 1.0, "event": "petition_collected", "level": "info", "timestamp": "2026-07-26T22:45:29.401628Z"}
{"identifier": "oppose-data-center-in-lower-mt-bethel-township", "comments": 84, "completeness": 1.0, "event": "petition_collected", "level": "info", "timestamp": "2026-07-26T22:45:37.482105Z"}
{"identifier": "open-letter-to-colorado-springs-mayor-yemi-mobolade-about-data-center-proposal", "comments": 172, "completeness": 1.0, "event": "petition_collected", "level": "info", "timestamp": "2026-07-26T22:45:49.891386Z"}
{"identifier": "no-data-centers-in-champaign-county-ohio", "comments": 100, "completeness": 1.0, "event": "petition_collected", "level": "info", "timestamp": "2026-07-26T22:45:57.570766Z"}
{"identifier": "petition-for-permanent-ban-on-all-ai-data-centers-on-long-island", "comments": 42, "completeness": 1.0, "event": "petition_collected", "level": "info", "timestamp": "2026-07-26T22:46:02.898815Z"}
{"identifier": "stop-the-permitting-and-building-of-a-data-center-at-white-clay-business-center", "comments": 53, "completeness": 1.0, "event": "petition_collected", "level": "info", "timestamp": "2026-07-26T22:46:07.698636Z"}
{"identifier": "stop-the-east-reeceville-data-center-protect-east-brandywine", "comments": 31, "completeness": 1.0, "event": "petition_collected", "level": "info", "timestamp": "2026-07-26T22:46:11.846782Z"}
{"identifier": "tell-monroe-township-cumberland-cty-no-data-center-on-w-grantham-williams-grove-rd", "comments": 71, "completeness": 1.0, "event": "petition_collected", "level": "info", "timestamp": "2026-07-26T22:46:18.713452Z"}
{"identifier": "demand-public-hearing-vote-on-upcoming-data-center-construction", "comments": 90, "completeness": 1.0, "event": "petition_collected", "level": "info", "timestamp": "2026-07-26T22:46:25.544839Z"}
{"identifier": "escambia-county-residents-say-no-to-data-centers", "comments": 95, "completeness": 1.0, "event": "petition_collected", "level": "info", "timestamp": "2026-07-26T22:46:33.484891Z"}
{"identifier": "stop-the-massive-data-center-in-stroudsburg-pa", "comments": 119, "completeness": 1.0, "event": "petition_collected", "level": "info", "timestamp": "2026-07-26T22:46:42.401688Z"}
{"identifier": "raise-awareness-about-the-potential-data-center-in-newport-news", "comments": 135, "completeness": 1.0, "event": "petition_collected", "level": "info", "timestamp": "2026-07-26T22:46:52.456638Z"}
{"identifier": "an-urgency-ordinance-adopting-a-citywide-prohibition-on-data-centers", "language": "es", "event": "excluded_non_english", "level": "info", "timestamp": "2026-07-26T22:46:53.907922Z"}
{"identifier": "support-sanders-aoc-pause-all-ai-data-centers-sign-now", "comments": 23, "completeness": 1.0, "event": "petition_collected", "level": "info", "timestamp": "2026-07-26T22:46:57.634107Z"}
{"identifier": "say-no-to-the-rensch-rd-data-center-in-grove-city-ohio", "comments": 42, "completeness": 1.0, "event": "petition_collected", "level": "info", "timestamp": "2026-07-26T22:47:02.644521Z"}
{"identifier": "stop-the-construction-of-the-wahawk-power-data-center", "comments": 69, "completeness": 1.0, "event": "petition_collected", "level": "info", "timestamp": "2026-07-26T22:47:09.235038Z"}
{"identifier": "stop-the-massive-data-center-at-jefferson-proving-grounds", "comments": 53, "completeness": 1.0, "event": "petition_collected", "level": "info", "timestamp": "2026-07-26T22:47:14.446594Z"}
{"identifier": "stop-the-data-center-in-prichard", "comments": 98, "completeness": 1.0, "event": "petition_collected", "level": "info", "timestamp": "2026-07-26T22:47:22.250247Z"}
{"identifier": "texans-against-data-centers", "comments": 63, "completeness": 1.0, "event": "petition_collected", "level": "info", "timestamp": "2026-07-26T22:47:28.451716Z"}
{"identifier": "oppose-high-impact-data-center-development-and-demand-sustainable-growth-for-rockford-il", "comments": 99, "completeness": 1.0, "event": "petition_collected", "level": "info", "timestamp": "2026-07-26T22:47:36.769841Z"}
{"identifier": "stop-the-construction-of-michigan-s-largest-data-center-in-howell", "comments": 46, "completeness": 1.0, "event": "petition_collected", "level": "info", "timestamp": "2026-07-26T22:47:42.230399Z"}
{"identifier": "stop-the-maypearl-tx-data-center-project", "comments": 76, "completeness": 1.0, "event": "petition_collected", "level": "info", "timestamp": "2026-07-26T22:47:48.183661Z"}
{"identifier": "stop-construction-of-a-data-center-in-our-neighborhood", "comments": 45, "completeness": 1.0, "event": "petition_collected", "level": "info", "timestamp": "2026-07-26T22:47:53.249481Z"}
{"identifier": "stop-the-pekin-ai-data-center", "comments": 82, "completeness": 1.0, "event": "petition_collected", "level": "info", "timestamp": "2026-07-26T22:48:01.004191Z"}
{"identifier": "stop-ai-data-center-lufkin-tx", "comments": 113, "completeness": 1.0, "event": "petition_collected", "level": "info", "timestamp": "2026-07-26T22:48:09.522667Z"}
{"identifier": "stop-approval-of-possible-ai-data-center-on-lake-erie-chautauqua-ny", "comments": 86, "completeness": 1.0, "event": "petition_collected", "level": "info", "timestamp": "2026-07-26T22:48:17.290278Z"}
{"identifier": "stop-zoning-change-from-general-neighborhood-commercial-to-industrial", "comments": 64, "completeness": 1.0, "event": "petition_collected", "level": "info", "timestamp": "2026-07-26T22:48:23.193106Z"}
{"identifier": "stop-mega-data-centers-in-the-rgv-protect-our-water-grid-and-public-health", "comments": 41, "completeness": 1.0, "event": "petition_collected", "level": "info", "timestamp": "2026-07-26T22:48:28.117254Z"}
{"identifier": "stop-the-irsc-okee-one-data-center", "comments": 70, "completeness": 1.0, "event": "petition_collected", "level": "info", "timestamp": "2026-07-26T22:48:34.529916Z"}
{"identifier": "no-ai-data-center-in-albany-ny", "comments": 38, "completeness": 1.0, "event": "petition_collected", "level": "info", "timestamp": "2026-07-26T22:48:38.280137Z"}
{"identifier": "no-data-centers-in-matthews-nc", "comments": 44, "completeness": 1.0, "event": "petition_collected", "level": "info", "timestamp": "2026-07-26T22:48:42.745584Z"}
{"identifier": "stop-the-construction-of-the-east-park-data-centre-in-boyd-county", "comments": 42, "completeness": 1.0, "event": "petition_collected", "level": "info", "timestamp": "2026-07-26T22:48:47.887921Z"}
{"identifier": "say-no-to-data-centers-keep-jasper-and-lawrence-counties-rural", "comments": 33, "completeness": 1.0, "event": "petition_collected", "level": "info", "timestamp": "2026-07-26T22:48:51.736584Z"}
{"identifier": "say-no-to-a-i-data-centers-in-mt", "comments": 54, "completeness": 1.0, "event": "petition_collected", "level": "info", "timestamp": "2026-07-26T22:48:56.443638Z"}
{"identifier": "halt-the-maysville-data-center-development", "comments": 18, "completeness": 1.0, "event": "petition_collected", "level": "info", "timestamp": "2026-07-26T22:48:59.170902Z"}
{"identifier": "stop-the-data-center-next-to-our-historic-gardens-for-all-supporters-sign-petition-below", "comments": 50, "completeness": 1.0, "event": "petition_collected", "level": "info", "timestamp": "2026-07-26T22:49:04.240539Z"}
{"identifier": "stop-the-data-center-in-angleton-texas", "comments": 49, "completeness": 1.0, "event": "petition_collected", "level": "info", "timestamp": "2026-07-26T22:49:09.224479Z"}
{"identifier": "tell-the-botetourt-county-board-to-say-no-to-google-we-do-not-want-a-data-center-here", "comments": 48, "completeness": 1.0, "event": "petition_collected", "level": "info", "timestamp": "2026-07-26T22:49:14.278559Z"}
{"identifier": "stop-data-centers-in-cumberland-county-protect-fayetteville-s-health-and-water", "comments": 64, "completeness": 1.0, "event": "petition_collected", "level": "info", "timestamp": "2026-07-26T22:49:20.817129Z"}
{"identifier": "prevent-data-centers-from-establishing-in-kokomo-indiana", "comments": 46, "completeness": 1.0, "event": "petition_collected", "level": "info", "timestamp": "2026-07-26T22:49:26.053340Z"}
{"identifier": "stop-the-construction-of-the-data-center-in-sharon-pennsylvania", "comments": 63, "completeness": 1.0, "event": "petition_collected", "level": "info", "timestamp": "2026-07-26T22:49:32.848245Z"}
{"identifier": "say-no-to-ai-data-centers-in-decatur-county", "comments": 50, "completeness": 1.0, "event": "petition_collected", "level": "info", "timestamp": "2026-07-26T22:49:37.795427Z"}
{"identifier": "stop-the-impending-microsoft-data-center-development-in-tyrone-georgia", "comments": 10, "completeness": 1.0, "event": "petition_collected", "level": "info", "timestamp": "2026-07-26T22:49:40.381412Z"}
{"identifier": "stop-the-data-center-00539472-5549-480d-8958-8ff77a1a80ce", "comments": 31, "completeness": 1.0, "event": "petition_collected", "level": "info", "timestamp": "2026-07-26T22:49:43.857379Z"}
{"identifier": "stop-industrial-data-center-development-in-tioga-county-protect-the-pa-wilds", "comments": 62, "completeness": 1.0, "event": "petition_collected", "level": "info", "timestamp": "2026-07-26T22:49:49.537249Z"}
{"identifier": "halt-the-construction-of-columbia-county-data-centers-quarry", "comments": 62, "completeness": 1.0, "event": "petition_collected", "level": "info", "timestamp": "2026-07-26T22:49:55.617321Z"}
{"identifier": "end-the-construction-of-ai-data-centers-in-arkansas", "comments": 57, "completeness": 1.0, "event": "petition_collected", "level": "info", "timestamp": "2026-07-26T22:50:00.991508Z"}
{"identifier": "prevent-the-microsoft-data-center-from-compromising-local-health", "comments": 48, "completeness": 1.0, "event": "petition_collected", "level": "info", "timestamp": "2026-07-26T22:50:06.104311Z"}
{"identifier": "stop-dominion-energy-from-installing-above-ground-high-voltage-power-lines-for-amazon", "comments": 0, "completeness": 1.0, "event": "petition_collected", "level": "info", "timestamp": "2026-07-26T22:50:08.272525Z"}
{"identifier": "stop-the-planned-data-center-construction-in-marquez-texas", "comments": 29, "completeness": 1.0, "event": "petition_collected", "level": "info", "timestamp": "2026-07-26T22:50:11.870119Z"}
{"identifier": "stop-google-s-ai-data-center-in-roanoke-va", "comments": 41, "completeness": 1.0, "event": "petition_collected", "level": "info", "timestamp": "2026-07-26T22:50:16.429202Z"}
{"identifier": "oppose-large-scale-ai-data-center-development-in-the-mohawk-valley", "comments": 57, "completeness": 1.0, "event": "petition_collected", "level": "info", "timestamp": "2026-07-26T22:50:20.989068Z"}
{"identifier": "implement-a-statewide-moratorium-on-data-centers-in-nevada", "comments": 36, "completeness": 1.0, "event": "petition_collected", "level": "info", "timestamp": "2026-07-26T22:50:24.891574Z"}
{"identifier": "stop-stamp-no-data-centers", "language": "yo", "event": "excluded_non_english", "level": "info", "timestamp": "2026-07-26T22:50:26.103359Z"}
{"identifier": "support-a-moratorium-on-data-center-development-in-madison-county", "comments": 32, "completeness": 1.0, "event": "petition_collected", "level": "info", "timestamp": "2026-07-26T22:50:30.347339Z"}
{"identifier": "protect-miami-county-from-data-centers", "comments": 20, "completeness": 1.0, "event": "petition_collected", "level": "info", "timestamp": "2026-07-26T22:50:32.845227Z"}
{"identifier": "columbians-against-data-centers", "comments": 33, "completeness": 1.0, "event": "petition_collected", "level": "info", "timestamp": "2026-07-26T22:50:36.460681Z"}
{"identifier": "petition-to-the-city-of-rockford-enact-a-temporary-moratorium-on-data-centers", "comments": 22, "completeness": 1.0, "event": "petition_collected", "level": "info", "timestamp": "2026-07-26T22:50:40.458108Z"}
{"identifier": "halt-treetop-s-plans-to-construct-a-data-center-in-east-fishkill-new-york", "comments": 26, "completeness": 1.0, "event": "petition_collected", "level": "info", "timestamp": "2026-07-26T22:50:44.039579Z"}
{"identifier": "deny-data-centers-in-barrington-hills", "comments": 11, "completeness": 1.0, "event": "petition_collected", "level": "info", "timestamp": "2026-07-26T22:50:46.323313Z"}
{"identifier": "stop-the-construction-of-data-centers-in-lowndes-county", "comments": 30, "completeness": 1.0, "event": "petition_collected", "level": "info", "timestamp": "2026-07-26T22:50:49.965200Z"}
{"identifier": "petition-to-oppose-ai-data-center-development-in-windsor-and-weld-county", "comments": 29, "completeness": 1.0, "event": "petition_collected", "level": "info", "timestamp": "2026-07-26T22:50:53.487887Z"}
{"identifier": "no-ai-data-center-in-southern-illinois-or-anywhere-downstate", "comments": 28, "completeness": 1.0, "event": "petition_collected", "level": "info", "timestamp": "2026-07-26T22:50:57.387114Z"}
{"identifier": "prevent-the-construction-of-a-data-center-in-gardner-edgerton", "comments": 26, "completeness": 1.0, "event": "petition_collected", "level": "info", "timestamp": "2026-07-26T22:51:01.204734Z"}
{"identifier": "oppose-a-50-megawatt-data-center-near-lisle-homes", "comments": 20, "completeness": 1.0, "event": "petition_collected", "level": "info", "timestamp": "2026-07-26T22:51:04.139375Z"}
{"identifier": "stop-the-construction-of-data-centers-in-beloit-township-wi", "comments": 26, "completeness": 1.0, "event": "petition_collected", "level": "info", "timestamp": "2026-07-26T22:51:07.924769Z"}
{"identifier": "say-no-to-data-centers-in-brantley-county", "comments": 28, "completeness": 1.0, "event": "petition_collected", "level": "info", "timestamp": "2026-07-26T22:51:11.758987Z"}
{"identifier": "oppose-500kv-transmission-lines-proposed-through-western-loudoun-and-waterford-nhl", "comments": 15, "completeness": 1.0, "event": "petition_collected", "level": "info", "timestamp": "2026-07-26T22:51:14.466141Z"}
{"identifier": "stop-the-construction-of-ai-data-center-near-turkey-creek", "comments": 24, "completeness": 1.0, "event": "petition_collected", "level": "info", "timestamp": "2026-07-26T22:51:17.679239Z"}
{"identifier": "stop-construction-of-project-triton-in-norton-and-barberton-residential-areas", "comments": 26, "completeness": 1.0, "event": "petition_collected", "level": "info", "timestamp": "2026-07-26T22:51:21.032864Z"}
{"identifier": "allen-park-residents-only-rejection-of-ai-data-centers-in-allen-park-mi", "comments": 30, "completeness": 1.0, "event": "petition_collected", "level": "info", "timestamp": "2026-07-26T22:51:25.184432Z"}
{"identifier": "protect-brenham-stop-the-industrial-data-center-from-being-built-in-our-community", "comments": 32, "completeness": 1.0, "event": "petition_collected", "level": "info", "timestamp": "2026-07-26T22:51:28.734674Z"}
{"identifier": "petition-with-a-mission-stop-data-center-development-on-portland-tn-franklin-ky-line", "comments": 33, "completeness": 1.0, "event": "petition_collected", "level": "info", "timestamp": "2026-07-26T22:51:32.982975Z"}
{"identifier": "abolish-the-data-center-in-fulton-county-illinois", "comments": 34, "completeness": 1.0, "event": "petition_collected", "level": "info", "timestamp": "2026-07-26T22:51:36.422886Z"}
{"identifier": "halt-data-center-development-on-big-break-rd-in-oakley-ca", "comments": 21, "completeness": 1.0, "event": "petition_collected", "level": "info", "timestamp": "2026-07-26T22:51:39.784495Z"}
{"identifier": "stop-construction-of-data-center-in-henderson-nc", "comments": 43, "completeness": 1.0, "event": "petition_collected", "level": "info", "timestamp": "2026-07-26T22:51:44.711019Z"}
{"identifier": "no-data-centers-in-dent-county-keep-the-current-river-clean", "comments": 21, "completeness": 1.0, "event": "petition_collected", "level": "info", "timestamp": "2026-07-26T22:51:48.650028Z"}
{"identifier": "reject-zta-25-187-data-centers-we-want-more-transparency-and-community-involvement", "comments": 25, "completeness": 1.0, "event": "petition_collected", "level": "info", "timestamp": "2026-07-26T22:51:52.152173Z"}
{"identifier": "stop-data-center-installation-near-san-felasco", "comments": 19, "completeness": 1.0, "event": "petition_collected", "level": "info", "timestamp": "2026-07-26T22:51:54.622000Z"}
{"identifier": "restrict-data-center-construction-in-everett-ma", "comments": 19, "completeness": 1.0, "event": "petition_collected", "level": "info", "timestamp": "2026-07-26T22:51:56.958232Z"}
{"identifier": "keep-cass-county-clean-no-data-center", "comments": 15, "completeness": 1.0, "event": "petition_collected", "level": "info", "timestamp": "2026-07-26T22:51:59.519740Z"}
{"identifier": "demand-a-federal-one-year-moratorium-on-data-centers", "comments": 10, "completeness": 1.0, "event": "petition_collected", "level": "info", "timestamp": "2026-07-26T22:52:01.928727Z"}
{"identifier": "stop-karis-critical-from-building-a-data-center-in-prairie-township", "comments": 13, "completeness": 1.0, "event": "petition_collected", "level": "info", "timestamp": "2026-07-26T22:52:04.254760Z"}
{"identifier": "stop-ai-data-centers-in-delta-pa", "comments": 20, "completeness": 1.0, "event": "petition_collected", "level": "info", "timestamp": "2026-07-26T22:52:06.935092Z"}
{"identifier": "sidney-citizens-petition", "comments": 22, "completeness": 1.0, "event": "petition_collected", "level": "info", "timestamp": "2026-07-26T22:52:10.304991Z"}
{"identifier": "halt-ai-data-center-plans-for-sulphur-springs-tx-pending-more-review", "comments": 14, "completeness": 1.0, "event": "petition_collected", "level": "info", "timestamp": "2026-07-26T22:52:12.979730Z"}
{"identifier": "non-allen-park-mi-residents-help-keep-ai-data-centers-out-of-wayne-county-cities-listed", "comments": 15, "completeness": 1.0, "event": "petition_collected", "level": "info", "timestamp": "2026-07-26T22:52:15.575174Z"}
{"identifier": "stop-ai-data-centers-in-conewago-township-york-co", "comments": 14, "completeness": 1.0, "event": "petition_collected", "level": "info", "timestamp": "2026-07-26T22:52:17.832575Z"}
{"identifier": "urge-penns-grove-carneys-point-township-to-restrict-data-centers", "comments": 16, "completeness": 1.0, "event": "petition_collected", "level": "info", "timestamp": "2026-07-26T22:52:20.592467Z"}
{"identifier": "keep-kalkaska-clean-and-quit-say-no-to-ai-data-centers", "comments": 22, "completeness": 1.0, "event": "petition_collected", "level": "info", "timestamp": "2026-07-26T22:52:24.171372Z"}
{"identifier": "halt-new-data-center-approvals-in-union-sc", "comments": 15, "completeness": 1.0, "event": "petition_collected", "level": "info", "timestamp": "2026-07-26T22:52:26.988624Z"}
{"manifest": "dc_petitions/manifests/4cd679679f1a4be282844af0de37a893.json", "discovered": 102, "collected": 100, "excluded_language": 2, "not_found": 0, "parse_errors": 0, "comments_collected": 6768, "incomplete_petitions": 0, "event": "run_complete", "level": "info", "timestamp": "2026-07-26T22:52:26.992511Z"}
Collected 100/102 petitions, 6768 comments (0 incomplete, 2 non-English, 0 not found).
