Discovered 252 petitions; collecting...
{"identifier": "stop-ai-data-center-in-hillsboro", "comments": 19, "completeness": 1.0, "event": "petition_collected", "level": "info", "timestamp": "2026-07-26T21:10:06.634335Z"}
{"identifier": "stop-data-center-construction-in-lackawanna-county", "comments": 39, "completeness": 1.0, "event": "petition_collected", "level": "info", "timestamp": "2026-07-26T21:10:10.347466Z"}
{"identifier": "stop-the-installation-of-data-centers-in-pennsylvania", "comments": 86, "completeness": 1.0, "event": "petition_collected", "level": "info", "timestamp": "2026-07-26T21:10:18.078206Z"}
{"identifier": "pass-a-moratorium-on-mega-data-centers-in-minnesota", "comments": 10, "completeness": 1.0, "event": "petition_collected", "level": "info", "timestamp": "2026-07-26T21:10:20.554182Z"}
{"identifier": "stop-expanding-data-center-tax-breaks-in-oregon", "comments": 4, "completeness": 1.0, "event": "petition_collected", "level": "info", "timestamp": "2026-07-26T21:10:22.915201Z"}
{"identifier": "stop-data-center-expansion-in-georgia-tell-brian-kemp-psc-make-big-tech-pay", "comments": 2, "completeness": 1.0, "event": "petition_collected", "level": "info", "timestamp": "2026-07-26T21:10:25.637997Z"}
{"identifier": "national-petition-against-hyperscale-data-centers", "comments": 173, "completeness": 1.0, "event": "petition_collected", "level": "info", "timestamp": "2026-07-26T21:10:38.799449Z"}
{"identifier": "stop-data-centers-in-west-virginia", "comments": 66, "completeness": 1.0, "event": "petition_collected", "level": "info", "timestamp": "2026-07-26T21:10:45.449211Z"}
{"identifier": "prohibit-data-centers-in-the-sugarloaf-plan-area", "comments": 3, "completeness": 1.0, "event": "petition_collected", "level": "info", "timestamp": "2026-07-26T21:10:47.927187Z"}
{"identifier": "save-mason-county-no-data-center-please-do-not-donate", "comments": 23, "completeness": 1.0, "event": "petition_collected", "level": "info", "timestamp": "2026-07-26T21:10:51.321591Z"}
{"identifier": "no-data-centers-in-our-communities-georgia-fights-back", "comments": 32, "completeness": 1.0, "event": "petition_collected", "level": "info", "timestamp": "2026-07-26T21:10:54.807099Z"}
{"identifier": "stop-the-proposed-code-changes-to-allow-nuclear-reactors-in-eagle-mountain-utah", "comments": 21, "completeness": 1.0, "event": "petition_collected", "level": "info", "timestamp": "2026-07-26T21:10:58.447170Z"}
{"identifier": "stop-ai-data-center-construction-in-montana", "comments": 19, "completeness": 1.0, "event": "petition_collected", "level": "info", "timestamp": "2026-07-26T21:11:00.760708Z"}
{"identifier": "oppose-archbald-borough-data-centers-limit-the-number-of-data-centers-in-archbald", "comments": 6, "completeness": 1.0, "event": "petition_collected", "level": "info", "timestamp": "2026-07-26T21:11:03.219321Z"}
{"identifier": "say-no-to-data-centers-in-maysville-ky", "comments": 2, "completeness": 1.0, "event": "petition_collected", "level": "info", "timestamp": "2026-07-26T21:11:05.682691Z"}
{"identifier": "approve-cdi-floating-zone-oppose-by-right-data-center-siting", "comments": 7, "completeness": 1.0, "event": "petition_collected", "level": "info", "timestamp": "2026-07-26T21:11:08.275510Z"}
{"identifier": "stop-data-center-at-former-landover-mall-site", "comments": 346, "completeness": 1.0, "event": "petition_collected", "level": "info", "timestamp": "2026-07-26T21:11:32.191802Z"}
{"identifier": "protect-high-falls-lake-the-towaliga-watershed-from-data-center-industrial-development", "comments": 128, "completeness": 1.0, "event": "petition_collected", "level": "info", "timestamp": "2026-07-26T21:11:42.961070Z"}
{"identifier": "stop-the-massive-ai-data-center-in-saline-township-in-michigan", "comments": 104, "completeness": 1.0, "event": "petition_collected", "level": "info", "timestamp": "2026-07-26T21:11:51.453235Z"}
{"identifier": "tell-tucson-city-council-to-stop-project-blue-ai-center-in-tucson", "comments": 132, "completeness": 1.0, "event": "petition_collected", "level": "info", "timestamp": "2026-07-26T21:12:02.010495Z"}
{"identifier": "say-no-to-data-centers-in-joliet", "comments": 142, "completeness": 1.0, "event": "petition_collected", "level": "info", "timestamp": "2026-07-26T21:12:13.024701Z"}
{"identifier": "stop-data-centers-coming-to-upstate-sc", "comments": 147, "completeness": 1.0, "event": "petition_collected", "level": "info", "timestamp": "2026-07-26T21:12:24.776875Z"}
{"identifier": "stop-the-ai-datacenter-in-independence-missouri", "comments": 51, "completeness": 1.0, "event": "petition_collected", "level": "info", "timestamp": "2026-07-26T21:12:29.178645Z"}
{"identifier": "stop-the-building-of-a-mega-data-center-in-butte-montana", "comments": 45, "completeness": 1.0, "event": "petition_collected", "level": "info", "timestamp": "2026-07-26T21:12:33.712218Z"}
{"identifier": "prohibit-data-centers-near-residential-areas-in-prince-william-county-va", "comments": 2, "completeness": 1.0, "event": "petition_collected", "level": "info", "timestamp": "2026-07-26T21:12:36.451646Z"}
{"identifier": "stop-rezoning-in-adamstown-for-data-centers", "comments": 4, "completeness": 1.0, "event": "petition_collected", "level": "info", "timestamp": "2026-07-26T21:12:39.019622Z"}
{"identifier": "stop-the-construction-of-data-centers-in-creagerstown-thurmont", "comments": 7, "completeness": 1.0, "event": "petition_collected", "level": "info", "timestamp": "2026-07-26T21:12:41.514273Z"}
{"identifier": "stop-data-center-development-in-alaska", "comments": 18, "completeness": 1.0, "event": "petition_collected", "level": "info", "timestamp": "2026-07-26T21:12:44.200466Z"}
{"identifier": "stop-pollution-from-the-louisville-ai-data-center", "comments": 8, "completeness": 1.0, "event": "petition_collected", "level": "info", "timestamp": "2026-07-26T21:12:46.522334Z"}
{"identifier": "ban-data-centers-in-ohio", "comments": 13, "completeness": 1.0, "event": "petition_collected", "level": "info", "timestamp": "2026-07-26T21:12:48.857590Z"}
{"identifier": "protect-virginia-communities-regulate-data-center-growth-before-it-s-too-late", "comments": 1, "completeness": 1.0, "event": "petition_collected", "level": "info", "timestamp": "2026-07-26T21:12:51.557664Z"}
{"identifier": "stop-the-expansion-of-maysville-s-data-center", "comments": 8, "completeness": 1.0, "event": "petition_collected", "level": "info", "timestamp": "2026-07-26T21:12:53.767060Z"}
{"identifier": "say-no-to-all-ai-data-centers-in-wv-counties", "comments": 9, "completeness": 1.0, "event": "petition_collected", "level": "info", "timestamp": "2026-07-26T21:12:56.050586Z"}
{"identifier": "halt-the-bpp-project-in-taylor-tx", "comments": 3, "completeness": 1.0, "event": "petition_collected", "level": "info", "timestamp": "2026-07-26T21:12:58.350050Z"}
{"identifier": "stop-new-data-centers-in-tucson-protect-our-desert-our-water-our-communities", "comments": 3, "completeness": 1.0, "event": "petition_collected", "level": "info", "timestamp": "2026-07-26T21:13:00.922689Z"}
{"identifier": "stop-all-data-center-approvals-in-madison-county-for-one-year", "comments": 4, "completeness": 1.0, "event": "petition_collected", "level": "info", "timestamp": "2026-07-26T21:13:03.728775Z"}
{"identifier": "protect-montana-ratepayers-don-t-let-data-centers-raise-our-power-bills", "comments": 1, "completeness": 1.0, "event": "petition_collected", "level": "info", "timestamp": "2026-07-26T21:13:06.380913Z"}
{"identifier": "stop-data-center-from-being-built-on-eskimo-hill-road-stafford-va", "comments": 2, "completeness": 1.0, "event": "petition_collected", "level": "info", "timestamp": "2026-07-26T21:13:09.085574Z"}
{"identifier": "will-we-lose-our-water-petition-to-disapprove-of-data-centers", "comments": 5, "completeness": 1.0, "event": "petition_collected", "level": "info", "timestamp": "2026-07-26T21:13:11.708051Z"}
{"identifier": "reject-permits-for-the-ai-data-center-in-bonner-mt", "comments": 545, "completeness": 1.0, "event": "petition_collected", "level": "info", "timestamp": "2026-07-26T21:13:48.171787Z"}
{"identifier": "protect-pennhurst-from-data-center-development", "comments": 570, "completeness": 1.0, "event": "petition_collected", "level": "info", "timestamp": "2026-07-26T21:14:26.196266Z"}
{"identifier": "ban-data-centers-in-michigan", "comments": 228, "completeness": 1.0, "event": "petition_collected", "level": "info", "timestamp": "2026-07-26T21:14:43.424217Z"}
{"identifier": "no-more-data-centers-in-st-louis", "comments": 292, "completeness": 1.0, "event": "petition_collected", "level": "info", "timestamp": "2026-07-26T21:15:03.697107Z"}
{"identifier": "efforts-to-push-the-supercomputer-out-of-memphis", "comments": 201, "completeness": 1.0, "event": "petition_collected", "level": "info", "timestamp": "2026-07-26T21:15:19.500040Z"}
{"identifier": "stop-project-baccara-on-the-southern-border-of-surprise-az-in-maricopa-county", "comments": 135, "completeness": 1.0, "event": "petition_collected", "level": "info", "timestamp": "2026-07-26T21:15:29.394707Z"}
{"identifier": "no-data-centers-in-franklin-county", "comments": 147, "completeness": 1.0, "event": "petition_collected", "level": "info", "timestamp": "2026-07-26T21:15:39.852539Z"}
{"identifier": "no-data-centers-in-boulder-city", "comments": 131, "completeness": 1.0, "event": "petition_collected", "level": "info", "timestamp": "2026-07-26T21:15:49.720991Z"}
{"identifier": "save-lake-whitney-stop-the-water-reallocation", "comments": 66, "completeness": 1.0, "event": "petition_collected", "level": "info", "timestamp": "2026-07-26T21:15:56.536113Z"}
{"identifier": "stand-against-data-center-new-hill-nc", "comments": 100, "completeness": 1.0, "event": "petition_collected", "level": "info", "timestamp": "2026-07-26T21:16:04.180561Z"}
{"identifier": "stop-kevin-o-leary-s-surprise-40-000-acre-data-center-from-devastating-utah-communities", "comments": 49, "completeness": 1.0, "event": "petition_collected", "level": "info", "timestamp": "2026-07-26T21:16:08.783583Z"}
{"identifier": "say-no-to-the-skybox-data-center-and-substation-in-round-rock-tx", "comments": 100, "completeness": 1.0, "event": "petition_collected", "level": "info", "timestamp": "2026-07-26T21:16:16.579902Z"}
{"identifier": "halt-further-construction-of-the-t5-chicago-iv-data-center", "comments": 49, "completeness": 1.0, "event": "petition_collected", "level": "info", "timestamp": "2026-07-26T21:16:21.179571Z"}
{"identifier": "petition-oppose-proposed-zoning-change-for-828-8-acre-in-red-oak-tx", "comments": 45, "completeness": 1.0, "event": "petition_collected", "level": "info", "timestamp": "2026-07-26T21:16:26.005249Z"}
{"identifier": "stop-the-data-center-expansion-in-richland-west-richland", "comments": 51, "completeness": 1.0, "event": "petition_collected", "level": "info", "timestamp": "2026-07-26T21:16:30.972819Z"}
{"identifier": "say-no-to-the-data-center-on-euharlee-rd", "comments": 33, "completeness": 1.0, "event": "petition_collected", "level": "info", "timestamp": "2026-07-26T21:16:34.695723Z"}
{"identifier": "conserve-henry", "comments": 1, "completeness": 1.0, "event": "petition_collected", "level": "info", "timestamp": "2026-07-26T21:16:36.975583Z"}
{"identifier": "no-ai-data-center-in-bastrop-county", "comments": 68, "completeness": 1.0, "event": "petition_collected", "level": "info", "timestamp": "2026-07-26T21:16:43.075123Z"}
{"identifier": "citizens-opposed-to-data-centers-in-henry-county-ga", "comments": 28, "completeness": 1.0, "event": "petition_collected", "level": "info", "timestamp": "2026-07-26T21:16:46.584878Z"}
{"identifier": "stop-the-construction-of-ai-data-centers-in-burke-county", "comments": 23, "completeness": 1.0, "event": "petition_collected", "level": "info", "timestamp": "2026-07-26T21:16:49.993120Z"}
{"identifier": "put-hancock-county-first-pause-the-hawesville-data-center-project", "comments": 11, "completeness": 1.0, "event": "petition_collected", "level": "info", "timestamp": "2026-07-26T21:16:52.580049Z"}
{"identifier": "say-no-to-data-centers-in-louisa-county-va", "comments": 16, "completeness": 1.0, "event": "petition_collected", "level": "info", "timestamp": "2026-07-26T21:16:55.431269Z"}
{"identifier": "protect-our-community-say-no-to-invasive-data-centers", "comments": 9, "completeness": 1.0, "event": "petition_collected", "level": "info", "timestamp": "2026-07-26T21:16:57.780261Z"}
{"identifier": "stop-the-700-acre-project-marvel-data-center-in-bessemer-alabama", "comments": 14, "completeness": 1.0, "event": "petition_collected", "level": "info", "timestamp": "2026-07-26T21:17:00.010668Z"}
{"identifier": "stop-data-centers-in-aurora-il", "comments": 10, "completeness": 1.0, "event": "petition_collected", "level": "info", "timestamp": "2026-07-26T21:17:02.484652Z"}
{"identifier": "oppose-the-construction-of-project-vector-in-dekalb-il", "comments": 22, "completeness": 1.0, "event": "petition_collected", "level": "info", "timestamp": "2026-07-26T21:17:05.829097Z"}
{"identifier": "stop-devlin-technology-park-other-data-centers-next-to-residential-areas", "comments": 1, "completeness": 1.0, "event": "petition_collected", "level": "info", "timestamp": "2026-07-26T21:17:08.326192Z"}
{"identifier": "protect-texas-communities-from-data-center-overload", "comments": 1, "completeness": 1.0, "event": "petition_collected", "level": "info", "timestamp": "2026-07-26T21:17:10.842422Z"}
{"identifier": "say-no-to-the-data-center-in-east-whiteland-pennsylvania", "comments": 12, "completeness": 1.0, "event": "petition_collected", "level": "info", "timestamp": "2026-07-26T21:17:13.287664Z"}
{"identifier": "stop-data-center-developments-in-northwest-indiana", "comments": 3, "completeness": 1.0, "event": "petition_collected", "level": "info", "timestamp": "2026-07-26T21:17:15.602299Z"}
{"identifier": "stop-the-6-million-sq-ft-data-center-in-delaware-pass-real-regulations-first", "comments": 8, "completeness": 1.0, "event": "petition_collected", "level": "info", "timestamp": "2026-07-26T21:17:18.143075Z"}
{"identifier": "protect-warrenton-no-data-center-without-local-safeguards", "comments": 13, "completeness": 1.0, "event": "petition_collected", "level": "info", "timestamp": "2026-07-26T21:17:20.492051Z"}
{"identifier": "no-data-centers-in-west-richland", "comments": 4, "completeness": 1.0, "event": "petition_collected", "level": "info", "timestamp": "2026-07-26T21:17:22.804053Z"}
{"identifier": "urge-illinois-to-protect-citizens-from-unregulated-data-center-construction", "comments": 3, "completeness": 1.0, "event": "petition_collected", "level": "info", "timestamp": "2026-07-26T21:17:25.282914Z"}
{"identifier": "save-pennhurst-asylum-from-becoming-a-ai-data-center", "comments": 14, "completeness": 1.0, "event": "petition_collected", "level": "info", "timestamp": "2026-07-26T21:17:27.928052Z"}
{"identifier": "fight-against-google-ai-data-center-fort-wayne-in", "comments": 4, "completeness": 1.0, "event": "petition_collected", "level": "info", "timestamp": "2026-07-26T21:17:30.365404Z"}
{"identifier": "oppose-the-major-cpa-seeking-to-remove-2-077-acres-of-hassayampa-ranch-for-industrial-use", "comments": 2, "completeness": 1.0, "event": "petition_collected", "level": "info", "timestamp": "2026-07-26T21:17:32.860287Z"}
{"identifier": "no-data-center-in-walnut-cove", "comments": 0, "completeness": 1.0, "event": "petition_collected", "level": "info", "timestamp": "2026-07-26T21:17:35.300324Z"}
{"identifier": "stop-the-massive-nebius-data-center-in-independence-mo", "comments": 8, "completeness": 1.0, "event": "petition_collected", "level": "info", "timestamp": "2026-07-26T21:17:37.896811Z"}
{"identifier": "stop-the-data-centers-coming-to-wichita-falls-texas", "comments": 2, "completeness": 1.0, "event": "petition_collected", "level": "info", "timestamp": "2026-07-26T21:17:40.055340Z"}
{"identifier": "implement-a-moratorium-on-new-data-centers-in-cheyenne", "comments": 3, "completeness": 1.0, "event": "petition_collected", "level": "info", "timestamp": "2026-07-26T21:17:42.256247Z"}
{"identifier": "stop-the-construction-of-a-data-center-in-imperial-valley", "comments": 1, "completeness": 1.0, "event": "petition_collected", "level": "info", "timestamp": "2026-07-26T21:17:45.101361Z"}
{"identifier": "oppose-the-creation-of-zoning-laws-that-help-data-centers-and-urban-development-thrive-in-loudoun-county", "comments": 3, "completeness": 1.0, "event": "petition_collected", "level": "info", "timestamp": "2026-07-26T21:17:47.488198Z"}
{"identifier": "ban-secret-deals-on-minnesota-data-centers", "comments": 1, "completeness": 1.0, "event": "petition_collected", "level": "info", "timestamp": "2026-07-26T21:17:49.686640Z"}
{"identifier": "stop-the-opening-of-the-microsoft-ai-data-center-in-kenosha", "comments": 475, "completeness": 1.0, "event": "petition_collected", "level": "info", "timestamp": "2026-07-26T21:18:20.573561Z"}
{"identifier": "stop-the-opening-of-the-microsoft-data-center-in-kenosha", "comments": 475, "completeness": 1.0, "event": "petition_collected", "level": "info", "timestamp": "2026-07-26T21:18:52.348856Z"}
{"identifier": "ban-ai-data-centers-in-michigan", "comments": 228, "completeness": 1.0, "event": "petition_collected", "level": "info", "timestamp": "2026-07-26T21:19:08.450835Z"}
{"identifier": "prohibit-the-leap-project-from-using-eagle-creek-reservoir", "comments": 212, "completeness": 1.0, "event": "petition_collected", "level": "info", "timestamp": "2026-07-26T21:19:24.203568Z"}
{"identifier": "petition-to-halt-the-kenilworth-ai-data-center-from-being-built-in-kenilworth-nj", "comments": 247, "completeness": 1.0, "event": "petition_collected", "level": "info", "timestamp": "2026-07-26T21:19:41.522564Z"}
{"identifier": "say-no-to-the-construction-of-project-tango-ai-data-center-in-palm-beach-county", "comments": 287, "completeness": 1.0, "event": "petition_collected", "level": "info", "timestamp": "2026-07-26T21:20:01.929120Z"}
{"identifier": "protect-spokane-s-water-power-grid-and-aquifer-say-no-to-data-centers", "comments": 297, "completeness": 1.0, "event": "petition_collected", "level": "info", "timestamp": "2026-07-26T21:20:22.069190Z"}
{"identifier": "oppose-the-atlas-data-center-south-whitehall-township-pa", "comments": 164, "completeness": 1.0, "event": "petition_collected", "level": "info", "timestamp": "2026-07-26T21:20:33.917745Z"}
{"identifier": "halt-the-proposed-data-center-land-development-in-franklin-township", "comments": 136, "completeness": 1.0, "event": "petition_collected", "level": "info", "timestamp": "2026-07-26T21:20:43.675736Z"}
{"identifier": "pause-data-centers-in-calvert-county-support-a-moratorium-10-000-signatures-needed", "comments": 166, "completeness": 1.0, "event": "petition_collected", "level": "info", "timestamp": "2026-07-26T21:20:57.167029Z"}
{"identifier": "simon-says-no-to-a-300-megawatt-ai-factory-and-gbhs-does-too", "comments": 93, "completeness": 1.0, "event": "petition_collected", "level": "info", "timestamp": "2026-07-26T21:21:04.321302Z"}
{"identifier": "stop-the-data-center-from-coming-to-walterboro-sc", "comments": 142, "completeness": 1.0, "event": "petition_collected", "level": "info", "timestamp": "2026-07-26T21:21:15.648956Z"}
{"identifier": "halt-the-annexation-and-rezoning-of-429-acres-in-shelbyville-in", "comments": 126, "completeness": 1.0, "event": "petition_collected", "level": "info", "timestamp": "2026-07-26T21:21:25.461928Z"}
{"identifier": "halt-construction-of-ai-data-center-in-little-rock-ar", "comments": 255, "completeness": 1.0, "event": "petition_collected", "level": "info", "timestamp": "2026-07-26T21:21:43.062782Z"}
{"identifier": "stop-the-ai-data-center-from-being-built-in-nodaway-county-and-other-missouri-counties", "comments": 56, "completeness": 1.0, "event": "petition_collected", "level": "info", "timestamp": "2026-07-26T21:21:47.762890Z"}
{"identifier": "demand-nipsco-lower-utility-rates-in-northwest-in", "comments": 110, "completeness": 1.0, "event": "petition_collected", "level": "info", "timestamp": "2026-07-26T21:21:56.332062Z"}
{"identifier": "stop-the-balloonist-llc-data-center-in-menomonie-protect-our-water-land-and-community", "comments": 64, "completeness": 1.0, "event": "petition_collected", "level": "info", "timestamp": "2026-07-26T21:22:02.425467Z"}
{"identifier": "banning-regulating-data-centers-in-gilroy", "comments": 135, "completeness": 1.0, "event": "petition_collected", "level": "info", "timestamp": "2026-07-26T21:22:12.613782Z"}
{"identifier": "stop-ai-data-centers-in-rowan-salisbury-nc", "comments": 122, "completeness": 1.0, "event": "petition_collected", "level": "info", "timestamp": "2026-07-26T21:22:22.744201Z"}
{"identifier": "deny-the-proposed-data-centers", "comments": 89, "completeness": 1.0, "event": "petition_collected", "level": "info", "timestamp": "2026-07-26T21:22:30.212607Z"}
{"identifier": "stop-data-center-in-muscogee-county", "comments": 170, "completeness": 1.0, "event": "petition_collected", "level": "info", "timestamp": "2026-07-26T21:22:42.477472Z"}
{"identifier": "block-project-steel-and-project-cardinal-in-kendall-county-yorkville-il", "comments": 66, "completeness": 1.0, "event": "petition_collected", "level": "info", "timestamp": "2026-07-26T21:22:48.252942Z"}
{"identifier": "no-data-center-in-socorro-nm-behind-m-mountain", "comments": 68, "completeness": 1.0, "event": "petition_collected", "level": "info", "timestamp": "2026-07-26T21:22:54.097309Z"}
{"identifier": "oppose-the-proposed-data-center-rezoning-in-rural-hall-nc", "comments": 150, "completeness": 1.0, "event": "petition_collected", "level": "info", "timestamp": "2026-07-26T21:23:05.156997Z"}
{"identifier": "reject-data-center-proposals-in-troy-illinois", "comments": 74, "completeness": 1.0, "event": "petition_collected", "level": "info", "timestamp": "2026-07-26T21:23:11.546366Z"}
{"identifier": "no-data-centers-in-oldham-county-only-sign-share-petition-not-for-donations", "comments": 70, "completeness": 1.0, "event": "petition_collected", "level": "info", "timestamp": "2026-07-26T21:23:17.774254Z"}
{"identifier": "stop-data-center-development-at-crooked-creek-beef-farm-pacific-mo", "comments": 70, "completeness": 1.0, "event": "petition_collected", "level": "info", "timestamp": "2026-07-26T21:23:24.578452Z"}
{"identifier": "stop-the-port-washington-wi-data-center", "comments": 90, "completeness": 1.0, "event": "petition_collected", "level": "info", "timestamp": "2026-07-26T21:23:31.911304Z"}
{"identifier": "stop-infrakey-data-center-from-building-in-lacy-lakeview", "comments": 84, "completeness": 1.0, "event": "petition_collected", "level": "info", "timestamp": "2026-07-26T21:23:39.309495Z"}
{"identifier": "stop-the-proposed-data-center-near-cedar-creek-lake", "comments": 37, "completeness": 1.0, "event": "petition_collected", "level": "info", "timestamp": "2026-07-26T21:23:43.092131Z"}
{"identifier": "protect-our-community-enact-strong-regulations-and-moratoriums-on-falls-twshp-data-center", "comments": 34, "completeness": 1.0, "event": "petition_collected", "level": "info", "timestamp": "2026-07-26T21:23:47.148975Z"}
{"identifier": "save-piqua-stop-the-data-center", "comments": 42, "completeness": 1.0, "event": "petition_collected", "level": "info", "timestamp": "2026-07-26T21:23:51.549706Z"}
{"identifier": "protect-local-freedom-urge-governor-morrisey-to-veto-data-center-bill", "comments": 99, "completeness": 1.0, "event": "petition_collected", "level": "info", "timestamp": "2026-07-26T21:23:59.521060Z"}
{"identifier": "stop-the-construction-of-the-data-center-at-aten-rd-and-clark-rd", "comments": 101, "completeness": 1.0, "event": "petition_collected", "level": "info", "timestamp": "2026-07-26T21:24:07.578541Z"}
{"identifier": "no-data-centers-in-san-angelo-texas-or-tom-green-county", "comments": 90, "completeness": 1.0, "event": "petition_collected", "level": "info", "timestamp": "2026-07-26T21:24:14.983030Z"}
{"identifier": "prohibit-ai-data-centers-in-the-pinelands", "comments": 35, "completeness": 1.0, "event": "petition_collected", "level": "info", "timestamp": "2026-07-26T21:24:18.838980Z"}
{"identifier": "stop-the-data-center-in-wisconsin-rapids", "comments": 46, "completeness": 1.0, "event": "petition_collected", "level": "info", "timestamp": "2026-07-26T21:24:23.887877Z"}
{"identifier": "protect-valencia-county-water-it-s-our-water", "comments": 0, "completeness": 1.0, "event": "petition_collected", "level": "info", "timestamp": "2026-07-26T21:24:26.365755Z"}
{"identifier": "no-data-center-in-page-az", "comments": 100, "completeness": 1.0, "event": "petition_collected", "level": "info", "timestamp": "2026-07-26T21:24:34.465895Z"}
{"identifier": "stop-the-ai-data-centers-in-gilroy", "comments": 54, "completeness": 1.0, "event": "petition_collected", "level": "info", "timestamp": "2026-07-26T21:24:39.046559Z"}
{"identifier": "la-pine-and-surrounding-citizens-united-against-the-installation-of-a-data-center", "comments": 46, "completeness": 1.0, "event": "petition_collected", "level": "info", "timestamp": "2026-07-26T21:24:44.317889Z"}
{"identifier": "stop-the-ai-data-center-in-texarkana", "comments": 62, "completeness": 1.0, "event": "petition_collected", "level": "info", "timestamp": "2026-07-26T21:24:50.994396Z"}
{"identifier": "big-tech-wants-our-community-lowell-mi-and-great-lakes-allies-say-no", "comments": 33, "completeness": 1.0, "event": "petition_collected", "level": "info", "timestamp": "2026-07-26T21:24:54.947303Z"}
{"identifier": "prevent-ai-data-center-development-in-wilmington-oh", "comments": 63, "completeness": 1.0, "event": "petition_collected", "level": "info", "timestamp": "2026-07-26T21:25:01.368490Z"}
{"identifier": "stop-the-data-center-monrovia", "comments": 36, "completeness": 1.0, "event": "petition_collected", "level": "info", "timestamp": "2026-07-26T21:25:05.751520Z"}
{"identifier": "oppose-rezoning-for-data-center-expansion-in-monrovia", "comments": 36, "completeness": 1.0, "event": "petition_collected", "level": "info", "timestamp": "2026-07-26T21:25:09.949771Z"}
{"identifier": "oppose-data-centers-in-linfield-and-limerick", "comments": 45, "completeness": 1.0, "event": "petition_collected", "level": "info", "timestamp": "2026-07-26T21:25:14.835327Z"}
{"identifier": "stop-project-sail-in-coweta-county", "comments": 56, "completeness": 1.0, "event": "petition_collected", "level": "info", "timestamp": "2026-07-26T21:25:20.193399Z"}
{"identifier": "no-data-center-in-washington-twp-mi", "comments": 33, "completeness": 1.0, "event": "petition_collected", "level": "info", "timestamp": "2026-07-26T21:25:23.346911Z"}
{"identifier": "halt-proposed-land-use-change-from-agriculture-to-business-park-in-bartow-county", "comments": 46, "completeness": 1.0, "event": "petition_collected", "level": "info", "timestamp": "2026-07-26T21:25:28.183757Z"}
{"identifier": "preservingboonecounty", "comments": 1, "completeness": 1.0, "event": "petition_collected", "level": "info", "timestamp": "2026-07-26T21:25:30.891517Z"}
{"identifier": "no-data-center-monticello-mn", "comments": 41, "completeness": 1.0, "event": "petition_collected", "level": "info", "timestamp": "2026-07-26T21:25:36.340011Z"}
{"identifier": "stop-the-construction-of-nebius-ai-factory-in-oxmoor-valley", "comments": 30, "completeness": 1.0, "event": "petition_collected", "level": "info", "timestamp": "2026-07-26T21:25:39.929360Z"}
{"identifier": "petition-regarding-the-rankin-county-data-center-s-risks-to-the-community", "comments": 57, "completeness": 1.0, "event": "petition_collected", "level": "info", "timestamp": "2026-07-26T21:25:44.940082Z"}
{"identifier": "stop-data-centers-in-el-dorado-kansas", "comments": 20, "completeness": 1.0, "event": "petition_collected", "level": "info", "timestamp": "2026-07-26T21:25:47.825297Z"}
{"identifier": "kansas-citizens-demand-statewide-data-center-moratorium", "comments": 24, "completeness": 1.0, "event": "petition_collected", "level": "info", "timestamp": "2026-07-26T21:25:51.071816Z"}
{"identifier": "https://www.change.org/westongardens", "event": "petition_not_found", "level": "warning", "timestamp": "2026-07-26T21:25:52.398013Z"}
{"identifier": "stop-the-qts-data-center-in-york-county-sc", "comments": 48, "completeness": 1.0, "event": "petition_collected", "level": "info", "timestamp": "2026-07-26T21:25:57.229276Z"}
{"identifier": "stop-aps-electricity-rate-hikes-in-arizona", "comments": 33, "completeness": 1.0, "event": "petition_collected", "level": "info", "timestamp": "2026-07-26T21:26:01.257913Z"}
{"identifier": "no-janesville-data-center", "comments": 40, "completeness": 1.0, "event": "petition_collected", "level": "info", "timestamp": "2026-07-26T21:26:05.293340Z"}
{"identifier": "bristol-ct-say-no-to-the-data-center", "comments": 49, "completeness": 1.0, "event": "petition_collected", "level": "info", "timestamp": "2026-07-26T21:26:10.523073Z"}
{"identifier": "stop-the-intrusion-of-disruptive-data-centers-in-hood-county", "comments": 33, "completeness": 1.0, "event": "petition_collected", "level": "info", "timestamp": "2026-07-26T21:26:14.753937Z"}
{"identifier": "prevent-the-construction-of-a-data-center-in-dundee-mi", "comments": 23, "completeness": 1.0, "event": "petition_collected", "level": "info", "timestamp": "2026-07-26T21:26:18.701055Z"}
{"identifier": "stop-the-data-center-f340a791-4f7e-4da8-a997-b0b2ce26319a", "comments": 40, "completeness": 1.0, "event": "petition_collected", "level": "info", "timestamp": "2026-07-26T21:26:22.300914Z"}
{"identifier": "no-conshy-or-plymouth-data-centers", "comments": 36, "completeness": 1.0, "event": "petition_collected", "level": "info", "timestamp": "2026-07-26T21:26:26.329016Z"}
{"identifier": "stop-the-massive-data-center-in-van-buren-township-michigan", "comments": 34, "completeness": 1.0, "event": "petition_collected", "level": "info", "timestamp": "2026-07-26T21:26:29.889465Z"}
{"identifier": "prevent-stamp-from-destroying-vital-wetlands-in-iroquois-nwr-no-data-centers", "language": "yo", "event": "excluded_non_english", "level": "info", "timestamp": "2026-07-26T21:26:31.364521Z"}
{"identifier": "oppose-the-data-center-proposal-for-franklin-kentucky", "comments": 35, "completeness": 1.0, "event": "petition_collected", "level": "info", "timestamp": "2026-07-26T21:26:34.883378Z"}
{"identifier": "stop-any-data-centers-from-being-built-in-webster-county-mo", "comments": 24, "completeness": 1.0, "event": "petition_collected", "level": "info", "timestamp": "2026-07-26T21:26:38.379591Z"}
{"identifier": "ban-new-data-centers-on-farmland-and-in-towns", "comments": 35, "completeness": 1.0, "event": "petition_collected", "level": "info", "timestamp": "2026-07-26T21:26:42.141927Z"}
{"identifier": "deny-the-construction-of-the-ai-data-center-campus-in-cedar-city-utah", "comments": 56, "completeness": 1.0, "event": "petition_collected", "level": "info", "timestamp": "2026-07-26T21:26:46.824097Z"}
{"identifier": "stop-the-building-of-an-ai-data-center-in-lyon-township", "comments": 25, "completeness": 1.0, "event": "petition_collected", "level": "info", "timestamp": "2026-07-26T21:26:50.709176Z"}
{"identifier": "prevent-big-data-centers-from-building-in-lowndes-county-and-hope-hull", "comments": 27, "completeness": 1.0, "event": "petition_collected", "level": "info", "timestamp": "2026-07-26T21:26:54.450366Z"}
{"identifier": "protect-waterford-from-data-center-noise-pollution", "comments": 2, "completeness": 1.0, "event": "petition_collected", "level": "info", "timestamp": "2026-07-26T21:26:56.690797Z"}
{"identifier": "ban-ai-data-centers-in-rogers-county-permanently", "comments": 37, "completeness": 1.0, "event": "petition_collected", "level": "info", "timestamp": "2026-07-26T21:27:00.712584Z"}
{"identifier": "project-jack-county-water-stop-the-data-center", "comments": 36, "completeness": 1.0, "event": "petition_collected", "level": "info", "timestamp": "2026-07-26T21:27:03.899755Z"}
{"identifier": "project-jack-wise-county-water-stop-the-data-centers", "comments": 36, "completeness": 1.0, "event": "petition_collected", "level": "info", "timestamp": "2026-07-26T21:27:07.376249Z"}
{"identifier": "stop-the-development-of-data-centers-in-putnam-county-wv", "comments": 40, "completeness": 1.0, "event": "petition_collected", "level": "info", "timestamp": "2026-07-26T21:27:11.210291Z"}
{"identifier": "ban-the-construction-of-data-centers-in-everett-ma", "comments": 19, "completeness": 1.0, "event": "petition_collected", "level": "info", "timestamp": "2026-07-26T21:27:13.747689Z"}
{"identifier": "protect-wisconsin-s-driftless-region-from-data-centers-and-crypto-mining", "comments": 11, "completeness": 1.0, "event": "petition_collected", "level": "info", "timestamp": "2026-07-26T21:27:15.931897Z"}
{"identifier": "stop-the-nextnrg-data-center-in-nassau-county", "comments": 24, "completeness": 1.0, "event": "petition_collected", "level": "info", "timestamp": "2026-07-26T21:27:19.954932Z"}
{"identifier": "stop-the-data-center-development-in-athens-texas", "comments": 23, "completeness": 1.0, "event": "petition_collected", "level": "info", "timestamp": "2026-07-26T21:27:23.608320Z"}
{"identifier": "prevent-data-center-construction-in-iredell-county-residential-agricultural-area", "comments": 20, "completeness": 1.0, "event": "petition_collected", "level": "info", "timestamp": "2026-07-26T21:27:26.198723Z"}
{"identifier": "no-data-center-in-pulaski-county-va", "comments": 35, "completeness": 1.0, "event": "petition_collected", "level": "info", "timestamp": "2026-07-26T21:27:29.744976Z"}
{"identifier": "protect-horseshoe-bend-stop-the-page-data-center-project", "comments": 24, "completeness": 1.0, "event": "petition_collected", "level": "info", "timestamp": "2026-07-26T21:27:33.443960Z"}
{"identifier": "pass-rules-to-protect-louisvillians-from-hyper-scale-data-centers", "comments": 17, "completeness": 1.0, "event": "petition_collected", "level": "info", "timestamp": "2026-07-26T21:27:35.920846Z"}
{"identifier": "demand-public-input-opportunity-for-new-data-center-venture-in-downtown-chattanooga", "comments": 36, "completeness": 1.0, "event": "petition_collected", "level": "info", "timestamp": "2026-07-26T21:27:39.415961Z"}
{"identifier": "reject-data-center-proposals-in-madison-county-illinois", "comments": 20, "completeness": 1.0, "event": "petition_collected", "level": "info", "timestamp": "2026-07-26T21:27:41.816957Z"}
{"identifier": "reject-plans-for-a-data-center-in-rochelle-illinois", "comments": 19, "completeness": 1.0, "event": "petition_collected", "level": "info", "timestamp": "2026-07-26T21:27:44.178450Z"}
{"identifier": "act-today-preserve-tomorrow-idaho-against-industrial-scale-solar", "comments": 13, "completeness": 1.0, "event": "petition_collected", "level": "info", "timestamp": "2026-07-26T21:27:46.469103Z"}
{"identifier": "prevent-the-construction-of-the-proposed-power-plant-and-data-centers-in-chatham-va", "comments": 28, "completeness": 1.0, "event": "petition_collected", "level": "info", "timestamp": "2026-07-26T21:27:50.125548Z"}
{"identifier": "oppose-third-reading-of-ordinance-2026-01-in-marion-county", "comments": 19, "completeness": 1.0, "event": "petition_collected", "level": "info", "timestamp": "2026-07-26T21:27:52.717631Z"}
{"identifier": "no-data-center-in-pine-island-mn", "comments": 12, "completeness": 1.0, "event": "petition_collected", "level": "info", "timestamp": "2026-07-26T21:27:55.297078Z"}
{"identifier": "stop-the-nobles-county-mega-data-center-before-it-reshapes-our-rural-communities", "comments": 7, "completeness": 1.0, "event": "petition_collected", "level": "info", "timestamp": "2026-07-26T21:27:57.877373Z"}
{"identifier": "stop-the-hickman-property-data-center-in-villa-rica-ga", "comments": 14, "completeness": 1.0, "event": "petition_collected", "level": "info", "timestamp": "2026-07-26T21:28:00.322247Z"}
{"identifier": "stop-tarboro-council-from-allowing-massive-data-center", "comments": 18, "completeness": 1.0, "event": "petition_collected", "level": "info", "timestamp": "2026-07-26T21:28:03.037406Z"}
{"identifier": "citizen-petition-for-transparency-and-responsible-development-in-grimes-county", "comments": 19, "completeness": 1.0, "event": "petition_collected", "level": "info", "timestamp": "2026-07-26T21:28:05.761629Z"}
{"identifier": "south-annville-data-center-opposition-petition", "comments": 11, "completeness": 1.0, "event": "petition_collected", "level": "info", "timestamp": "2026-07-26T21:28:08.224633Z"}
{"identifier": "opposition-to-the-fm-florida-data-center", "comments": 12, "completeness": 1.0, "event": "petition_collected", "level": "info", "timestamp": "2026-07-26T21:28:10.506104Z"}
{"identifier": "stop-the-data-center-from-coming-to-coweta-ok", "comments": 25, "completeness": 1.0, "event": "petition_collected", "level": "info", "timestamp": "2026-07-26T21:28:14.737822Z"}
{"identifier": "stop-the-microsoft-data-center-in-gaines-township", "comments": 9, "completeness": 1.0, "event": "petition_collected", "level": "info", "timestamp": "2026-07-26T21:28:17.337303Z"}
{"identifier": "no-lowell-data-center", "comments": 10, "completeness": 1.0, "event": "petition_collected", "level": "info", "timestamp": "2026-07-26T21:28:19.801412Z"}
{"identifier": "loudoun-county-board-of-supervisors-stop-the-data-center-at-goose-creek-watershed", "comments": 0, "completeness": 1.0, "event": "petition_collected", "level": "info", "timestamp": "2026-07-26T21:28:22.329861Z"}
{"identifier": "stop-the-foristell-data-center-project-protect-our-community-s-future", "comments": 10, "completeness": 1.0, "event": "petition_collected", "level": "info", "timestamp": "2026-07-26T21:28:25.258930Z"}
{"identifier": "ban-new-data-centers-in-strasburg-va", "comments": 17, "completeness": 1.0, "event": "petition_collected", "level": "info", "timestamp": "2026-07-26T21:28:27.516888Z"}
{"identifier": "deny-permits-for-the-sequitor-edge-data-center", "comments": 10, "completeness": 1.0, "event": "petition_collected", "level": "info", "timestamp": "2026-07-26T21:28:29.589788Z"}
{"identifier": "stop-the-mega-data-center-in-clarksville-arkansas", "comments": 9, "completeness": 1.0, "event": "petition_collected", "level": "info", "timestamp": "2026-07-26T21:28:32.057041Z"}
{"identifier": "big-tech-shouldn-t-control-small-town-water-protect-mount-hood", "comments": 8, "completeness": 1.0, "event": "petition_collected", "level": "info", "timestamp": "2026-07-26T21:28:34.432575Z"}
{"identifier": "no-data-centers-in-minooka-il", "comments": 10, "completeness": 1.0, "event": "petition_collected", "level": "info", "timestamp": "2026-07-26T21:28:36.856775Z"}
{"identifier": "stop-amazon-data-centers-from-being-built-in-kline-township", "comments": 11, "completeness": 1.0, "event": "petition_collected", "level": "info", "timestamp": "2026-07-26T21:28:39.819713Z"}
{"identifier": "enact-a-moratorium-on-data-center-development-in-rosemount-minnesota", "comments": 2, "completeness": 1.0, "event": "petition_collected", "level": "info", "timestamp": "2026-07-26T21:28:42.603360Z"}
{"identifier": "regulate-data-centers-for-a-healthier-environment", "comments": 4, "completeness": 1.0, "event": "petition_collected", "level": "info", "timestamp": "2026-07-26T21:28:45.241299Z"}
{"identifier": "opposition-and-moratorium-petition-re-trenton-ohio-data-center-project", "comments": 7, "completeness": 1.0, "event": "petition_collected", "level": "info", "timestamp": "2026-07-26T21:28:47.687308Z"}
{"identifier": "stop-project-anthem-in-tulsa-oklahoma", "comments": 2, "completeness": 1.0, "event": "petition_collected", "level": "info", "timestamp": "2026-07-26T21:28:49.955800Z"}
{"identifier": "petition-to-the-springdale-borough-council-oppose-the-allegheny-dc-property-data-center", "comments": 5, "completeness": 1.0, "event": "petition_collected", "level": "info", "timestamp": "2026-07-26T21:28:52.516419Z"}
{"identifier": "toads-don-t-suck-stop-the-conway-ai-data-center", "comments": 4, "completeness": 1.0, "event": "petition_collected", "level": "info", "timestamp": "2026-07-26T21:28:54.837548Z"}
{"identifier": "reject-the-rezoning-for-an-industrial-park-and-data-center-in-citrus-county", "comments": 7, "completeness": 1.0, "event": "petition_collected", "level": "info", "timestamp": "2026-07-26T21:28:57.337346Z"}
{"identifier": "stop-the-colleton-county-data-center-project-and-protect-rural-south-carolina", "comments": 6, "completeness": 1.0, "event": "petition_collected", "level": "info", "timestamp": "2026-07-26T21:28:59.814643Z"}
{"identifier": "stop-construction-and-operations-of-colossus-and-colossus-2-xai-facilities-in-memphis-tn", "comments": 8, "completeness": 1.0, "event": "petition_collected", "level": "info", "timestamp": "2026-07-26T21:29:02.656092Z"}
{"identifier": "pause-data-center-approvals", "comments": 1, "completeness": 1.0, "event": "petition_collected", "level": "info", "timestamp": "2026-07-26T21:29:04.890936Z"}
{"identifier": "calvert-county-residents-demanding-to-vote-for-data-centers", "comments": 5, "completeness": 1.0, "event": "petition_collected", "level": "info", "timestamp": "2026-07-26T21:29:07.222873Z"}
{"identifier": "don-t-make-louisiana-taxpayers-fund-meta-s-power-bill", "comments": 8, "completeness": 1.0, "event": "petition_collected", "level": "info", "timestamp": "2026-07-26T21:29:09.950109Z"}
{"identifier": "protect-pacific-and-the-meramec-valley-from-a-massive-data-center", "comments": 6, "completeness": 1.0, "event": "petition_collected", "level": "info", "timestamp": "2026-07-26T21:29:12.348881Z"}
{"identifier": "stop-the-festus-data-center-give-residents-a-real-voice", "comments": 3, "completeness": 1.0, "event": "petition_collected", "level": "info", "timestamp": "2026-07-26T21:29:14.813086Z"}
{"identifier": "scg-says-no-to-metrobloks", "comments": 5, "completeness": 1.0, "event": "petition_collected", "level": "info", "timestamp": "2026-07-26T21:29:17.195929Z"}
{"identifier": "stop-the-construction-of-a-data-center-in-plainfield-indiana", "comments": 13, "completeness": 1.0, "event": "petition_collected", "level": "info", "timestamp": "2026-07-26T21:29:19.615870Z"}
{"identifier": "halt-approval-of-water-hungry-data-centers-in-buckeye", "comments": 12, "completeness": 1.0, "event": "petition_collected", "level": "info", "timestamp": "2026-07-26T21:29:22.148589Z"}
{"identifier": "press-pause-on-data-centers-for-thorough-transparent-and-data-driven-policy-development", "comments": 3, "completeness": 1.0, "event": "petition_collected", "level": "info", "timestamp": "2026-07-26T21:29:24.264429Z"}
{"identifier": "stop-the-university-of-michigan-los-alamos-computing-facility-in-ypsilanti-township", "comments": 0, "completeness": 1.0, "event": "petition_collected", "level": "info", "timestamp": "2026-07-26T21:29:26.419278Z"}
{"identifier": "stop-the-ai-data-processing-center-in-owasso-ok", "comments": 7, "completeness": 1.0, "event": "petition_collected", "level": "info", "timestamp": "2026-07-26T21:29:28.949515Z"}
{"identifier": "stop-georgia-power-from-raising-our-bills-to-fund-data-centers", "comments": 0, "completeness": 1.0, "event": "petition_collected", "level": "info", "timestamp": "2026-07-26T21:29:31.689833Z"}
{"identifier": "stop-the-pine-island-hyperscale-data-center-until-the-community-is-heard", "comments": 2, "completeness": 1.0, "event": "petition_collected", "level": "info", "timestamp": "2026-07-26T21:29:34.137245Z"}
{"identifier": "mayor-and-board-of-trustees-in-itasca-no-data-center-itasca-open-space", "comments": 0, "completeness": 1.0, "event": "petition_collected", "level": "info", "timestamp": "2026-07-26T21:29:36.813791Z"}
{"identifier": "stop-the-karis-data-center-next-to-naperville-homes", "comments": 4, "completeness": 1.0, "event": "petition_collected", "level": "info", "timestamp": "2026-07-26T21:29:39.131308Z"}
{"identifier": "pass-a-zoning-ban-on-new-data-centers-in-city-limits", "comments": 2, "completeness": 1.0, "event": "petition_collected", "level": "info", "timestamp": "2026-07-26T21:29:41.951792Z"}
{"identifier": "transform-the-next-ashburn-va-data-center-into-a-community-park", "comments": 8, "completeness": 1.0, "event": "petition_collected", "level": "info", "timestamp": "2026-07-26T21:29:44.733283Z"}
{"identifier": "xai-present-a-real-plan-to-contain-toxic-emissions-let-memphis-residents-oversee-it", "comments": 2, "completeness": 1.0, "event": "petition_collected", "level": "info", "timestamp": "2026-07-26T21:29:47.482938Z"}
{"identifier": "hold-data-centers-accountable-for-rising-energy-costs-in-pennsylvania", "comments": 2, "completeness": 1.0, "event": "petition_collected", "level": "info", "timestamp": "2026-07-26T21:29:50.385093Z"}
{"identifier": "prevent-the-construction-of-ai-data-center-in-lordstown", "comments": 3, "completeness": 1.0, "event": "petition_collected", "level": "info", "timestamp": "2026-07-26T21:29:52.978578Z"}
{"identifier": "protect-holly-ridge-stop-the-chaos-from-meta-s-data-center-construction", "comments": 4, "completeness": 1.0, "event": "petition_collected", "level": "info", "timestamp": "2026-07-26T21:29:55.305543Z"}
{"identifier": "stop-data-centers-from-being-built-near-homes-in-newton-county-ga", "comments": 1, "completeness": 1.0, "event": "petition_collected", "level": "info", "timestamp": "2026-07-26T21:29:57.690261Z"}
{"identifier": "protect-athens-tx-pause-large-scale-data-center-development", "comments": 3, "completeness": 1.0, "event": "petition_collected", "level": "info", "timestamp": "2026-07-26T21:29:59.817099Z"}
{"identifier": "reverse-the-nipsco-rate-increase-in-indiana", "comments": 1, "completeness": 1.0, "event": "petition_collected", "level": "info", "timestamp": "2026-07-26T21:30:02.386524Z"}
{"identifier": "https://www.change.org", "event": "petition_not_found", "level": "warning", "timestamp": "2026-07-26T21:30:03.516294Z"}
{"identifier": "https://www.change.org/", "event": "petition_not_found", "level": "warning", "timestamp": "2026-07-26T21:30:04.859737Z"}
{"identifier": "against-the-meta-and-project-jupiter-manufacturing", "comments": 231, "completeness": 1.0, "event": "petition_collected", "level": "info", "timestamp": "2026-07-26T21:30:21.315929Z"}
{"identifier": "block-approval-of-any-data-center-in-zip-code-85044", "comments": 27, "completeness": 1.0, "event": "petition_collected", "level": "info", "timestamp": "2026-07-26T21:30:25.313733Z"}
{"identifier": "halt-the-coreweave-data-center-development-in-hammond", "comments": 0, "completeness": 1.0, "event": "petition_collected", "level": "info", "timestamp": "2026-07-26T21:30:27.915624Z"}
{"identifier": "help-us-save-high-falls-lake-from-industrial-development", "comments": 128, "completeness": 1.0, "event": "petition_collected", "level": "info", "timestamp": "2026-07-26T21:30:38.180030Z"}
{"identifier": "mayor-charles-griego-it-s-our-water-village-council-delay-your-vote-on-facebook-expansion", "comments": 0, "completeness": 1.0, "event": "petition_collected", "level": "info", "timestamp": "2026-07-26T21:30:40.855648Z"}
{"identifier": "oppose-rezoning-rz-01-25-in-logan-county", "comments": 21, "completeness": 1.0, "event": "petition_collected", "level": "info", "timestamp": "2026-07-26T21:30:44.534421Z"}
{"identifier": "people-against-project-zodiac-ai-data-center-built-in-wetland-area-in-fort-wayne", "comments": 4, "completeness": 1.0, "event": "petition_collected", "level": "info", "timestamp": "2026-07-26T21:30:47.233071Z"}
{"identifier": "petition-to-stop-the-wilderness-crossing-rezoning-project", "comments": 0, "completeness": 1.0, "event": "petition_collected", "level": "info", "timestamp": "2026-07-26T21:30:49.380885Z"}
{"identifier": "proposed-norwalk-data-center", "comments": 11, "completeness": 1.0, "event": "petition_collected", "level": "info", "timestamp": "2026-07-26T21:30:52.140882Z"}
{"identifier": "recall-mayor-beach-pace", "comments": 0, "completeness": 1.0, "event": "petition_collected", "level": "info", "timestamp": "2026-07-26T21:30:54.638758Z"}
{"identifier": "say-no-to-sentinel-grove-technology-park-ai-data-center-in-st-lucie-county", "comments": 22, "completeness": 1.0, "event": "petition_collected", "level": "info", "timestamp": "2026-07-26T21:30:58.251576Z"}
{"identifier": "sign-the-petition-to-safeguard-high-falls-state-park-lake", "comments": 128, "completeness": 1.0, "event": "petition_collected", "level": "info", "timestamp": "2026-07-26T21:31:08.135605Z"}
{"identifier": "stop-data-centers-in-hobart-indiana-protect-our-community", "comments": 53, "completeness": 1.0, "event": "petition_collected", "level": "info", "timestamp": "2026-07-26T21:31:13.361361Z"}
{"identifier": "stop-data-centers-in-our-county", "comments": 4, "completeness": 1.0, "event": "petition_collected", "level": "info", "timestamp": "2026-07-26T21:31:15.401397Z"}
{"identifier": "stop-project-cardinal-data-center-yorkville", "event": "petition_not_found", "level": "warning", "timestamp": "2026-07-26T21:31:16.625864Z"}
{"identifier": "stop-the-data-center-coming-to-yerington-nevada", "comments": 36, "completeness": 1.0, "event": "petition_collected", "level": "info", "timestamp": "2026-07-26T21:31:20.531736Z"}
{"identifier": "stop-the-data-center-construction-in-carol-stream", "comments": 14, "completeness": 1.0, "event": "petition_collected", "level": "info", "timestamp": "2026-07-26T21:31:22.895452Z"}
{"identifier": "stop-the-data-center-in-cumberland-county-protect-fayetteville-s-health-and-water", "comments": 64, "completeness": 1.0, "event": "petition_collected", "level": "info", "timestamp": "2026-07-26T21:31:29.610580Z"}
{"identifier": "stop-the-fort-meade-data-center-project", "comments": 34, "completeness": 1.0, "event": "petition_collected", "level": "info", "timestamp": "2026-07-26T21:31:33.341311Z"}
{"identifier": "stop-the-hermantown-data-center-protect-our-community-and-environment", "comments": 8, "completeness": 1.0, "event": "petition_collected", "level": "info", "timestamp": "2026-07-26T21:31:35.573143Z"}
{"identifier": "stop-the-mega-data-center-coming-to-yerington-nevada", "comments": 36, "completeness": 1.0, "event": "petition_collected", "level": "info", "timestamp": "2026-07-26T21:31:39.621321Z"}
{"identifier": "stop-the-monarch-data-center-in-yerington-nevada", "comments": 36, "completeness": 1.0, "event": "petition_collected", "level": "info", "timestamp": "2026-07-26T21:31:43.535754Z"}
{"identifier": "stop-the-project-tango-a-i-center-near-everglades", "comments": 17, "completeness": 1.0, "event": "petition_collected", "level": "info", "timestamp": "2026-07-26T21:31:46.011946Z"}
{"identifier": "stop-the-wildwood-ranch-data-center-project-in-joplin-mo", "comments": 74, "completeness": 1.0, "event": "petition_collected", "level": "info", "timestamp": "2026-07-26T21:31:51.939736Z"}
{"manifest": "dc_petitions/manifests/567d9a7fdc7f448cb29a11e0ca837b95.json", "discovered": 252, "collected": 247, "excluded_language": 1, "not_found": 4, "parse_errors": 0, "comments_collected": 11936, "incomplete_petitions": 0, "event": "run_complete", "level": "info", "timestamp": "2026-07-26T21:31:51.948620Z"}
Collected 247/252 petitions, 11936 comments (0 incomplete, 1 non-English, 4 not found).
